{"$comment":"ByteCodeInst","allOf":[{"properties":{"offset":{"maximum":65535,"minimum":0,"type":"number"}},"required":["offset"],"type":"object"},{"oneOf":[{"allOf":[{"type":"object"},{"properties":{"opc":{"const":"swap"}},"required":["opc"],"type":"object"}],"type":"object"},{"properties":{"opc":{"const":"dupx2"},"size":{"maximum":2,"minimum":1,"type":"number"}},"required":["opc","size"],"type":"object"},{"properties":{"opc":{"const":"dup"},"size":{"maximum":2,"minimum":1,"type":"number"}},"required":["opc","size"],"type":"object"},{"properties":{"opc":{"const":"dupx1"},"size":{"maximum":2,"minimum":1,"type":"number"}},"required":["opc","size"],"type":"object"}],"type":"object"}],"type":"object"}