# one of
[ # An Integer (4 bytes)
  I
, # A Long (8 bytes)
  J
, # A Short (2 bytes)
  S
, # A Char (1 byte)
  C
, # A Byte (1 byte, unsigned)
  B
, # A Boolean (1 byte)
  Z
, # A Float (4 bytes)
  F
, # A Double (4 bytes)
  D
, # A Reference (4 bytes)
  R
]
