{
  "access": [
    "public",
    "super"
  ],
  "annotations": [],
  "bootstrap_methods": [],
  "enclosing_method": null,
  "fields": [
    {
      "access": [],
      "annotations": [],
      "name": "x",
      "type": {
        "arguments": [],
        "inner": {
          "arguments": [
            {
              "annotations": [
                {
                  "runtime_visible": false,
                  "type": "Annotations$TestType",
                  "values": {
                    "value": {
                      "contents": 1,
                      "tag": "AInt"
                    }
                  }
                }
              ],
              "content": null
            }
          ],
          "inner": null,
          "name": "Annotated"
        },
        "name": "Annotations"
      },
      "value": null
    },
    {
      "access": [],
      "annotations": [],
      "name": "z",
      "type": {
        "arguments": [],
        "inner": {
          "arguments": [
            null
          ],
          "inner": null,
          "name": "Annotated"
        },
        "name": "Annotations"
      },
      "value": null
    },
    {
      "access": [],
      "annotations": [
        {
          "runtime_visible": false,
          "type": "Annotations$TestType",
          "values": {
            "value": {
              "contents": 3,
              "tag": "AInt"
            }
          }
        }
      ],
      "name": "y",
      "type": {
        "annotations": [
          {
            "runtime_visible": false,
            "type": "Annotations$TestType",
            "values": {
              "value": {
                "contents": 3,
                "tag": "AInt"
              }
            }
          }
        ],
        "content": "I"
      },
      "value": null
    }
  ],
  "inner_classes": [
    {
      "access": [
        "cstatic",
        "cabstract"
      ],
      "inner": "Annotated",
      "name": "Annotations$Annotated",
      "outer": "Annotations"
    },
    {
      "access": [
        "cpublic",
        "cstatic",
        "cinterface",
        "cabstract",
        "cannotation"
      ],
      "inner": "B",
      "name": "Annotations$B",
      "outer": "Annotations"
    },
    {
      "access": [
        "cpublic",
        "cstatic",
        "cinterface",
        "cabstract",
        "cannotation"
      ],
      "inner": "TestType",
      "name": "Annotations$TestType",
      "outer": "Annotations"
    },
    {
      "access": [
        "cpublic",
        "cstatic",
        "cinterface",
        "cabstract",
        "cannotation"
      ],
      "inner": "TestTypes",
      "name": "Annotations$TestTypes",
      "outer": "Annotations"
    },
    {
      "access": [
        "cstatic",
        "cinterface",
        "cabstract",
        "cannotation"
      ],
      "inner": "TestNotation",
      "name": "Annotations$TestNotation",
      "outer": "Annotations"
    }
  ],
  "interfaces": [],
  "methods": [
    {
      "access": [
        "public"
      ],
      "annotations": [],
      "code": {
        "byte_code": [
          {
            "addr": 0,
            "off": 0,
            "opc": "load",
            "type": "R"
          },
          {
            "interface": false,
            "kind": "special",
            "method": "<init>:()V",
            "off": 1,
            "opc": "invoke",
            "reftype": "Ljava/lang/Object;"
          },
          {
            "off": 4,
            "opc": "return",
            "type": null
          }
        ],
        "exceptions": [],
        "max_locals": 1,
        "max_stack": 1,
        "stack_map": null
      },
      "default": null,
      "exceptions": [],
      "name": "<init>",
      "parameters": [],
      "returns": null,
      "type_parameters": []
    },
    {
      "access": [],
      "annotations": [],
      "code": {
        "byte_code": [
          {
            "off": 0,
            "opc": "push",
            "type": "I",
            "value": 0
          },
          {
            "off": 1,
            "opc": "return",
            "type": "I"
          }
        ],
        "exceptions": [],
        "max_locals": 3,
        "max_stack": 1,
        "stack_map": null
      },
      "default": null,
      "exceptions": [
        {
          "annotations": [
            {
              "runtime_visible": false,
              "type": "Annotations$TestType",
              "values": {
                "value": {
                  "contents": 7,
                  "tag": "AInt"
                }
              }
            }
          ],
          "arguments": [],
          "inner": null,
          "name": "java/lang/Exception"
        },
        {
          "arguments": [],
          "inner": null,
          "name": "java/lang/Throwable"
        },
        {
          "arguments": [],
          "inner": null,
          "name": "java/io/IOException"
        }
      ],
      "name": "m",
      "parameters": [
        {
          "annotations": [
            {
              "runtime_visible": false,
              "type": "Annotations$B",
              "values": {
                "value": {
                  "contents": 5,
                  "tag": "AInt"
                }
              }
            }
          ],
          "name": [
            "b",
            []
          ],
          "type": {
            "annotations": [
              {
                "runtime_visible": false,
                "type": "Annotations$B",
                "values": {
                  "value": {
                    "contents": 5,
                    "tag": "AInt"
                  }
                }
              },
              {
                "runtime_visible": false,
                "type": "Annotations$TestTypes",
                "values": {
                  "value": {
                    "contents": [
                      {
                        "contents": [
                          "Annotations$TestType",
                          {
                            "value": {
                              "contents": 3,
                              "tag": "AInt"
                            }
                          }
                        ],
                        "tag": "AAnnotation"
                      },
                      {
                        "contents": [
                          "Annotations$TestType",
                          {
                            "value": {
                              "contents": 6,
                              "tag": "AInt"
                            }
                          }
                        ],
                        "tag": "AAnnotation"
                      }
                    ],
                    "tag": "AArray"
                  }
                }
              }
            ],
            "content": "Z"
          },
          "visible": true
        },
        {
          "annotations": [
            {
              "runtime_visible": false,
              "type": "Annotations$B",
              "values": {
                "value": {
                  "contents": 10,
                  "tag": "AInt"
                }
              }
            }
          ],
          "name": [
            "c",
            []
          ],
          "type": {
            "annotations": [
              {
                "runtime_visible": false,
                "type": "Annotations$B",
                "values": {
                  "value": {
                    "contents": 10,
                    "tag": "AInt"
                  }
                }
              }
            ],
            "arguments": [
              {
                "annotations": [
                  {
                    "runtime_visible": false,
                    "type": "Annotations$B",
                    "values": {
                      "value": {
                        "contents": 9,
                        "tag": "AInt"
                      }
                    }
                  }
                ],
                "content": null
              }
            ],
            "inner": null,
            "name": "java/util/List"
          },
          "visible": true
        }
      ],
      "returns": {
        "annotations": [
          {
            "runtime_visible": false,
            "type": "Annotations$TestType",
            "values": {
              "value": {
                "contents": 4,
                "tag": "AInt"
              }
            }
          }
        ],
        "content": "I"
      },
      "type_parameters": []
    },
    {
      "access": [],
      "annotations": [],
      "code": {
        "byte_code": [
          {
            "off": 0,
            "opc": "push",
            "type": "I",
            "value": 0
          },
          {
            "off": 1,
            "opc": "return",
            "type": "I"
          }
        ],
        "exceptions": [],
        "max_locals": 1,
        "max_stack": 1,
        "stack_map": null
      },
      "default": null,
      "exceptions": [
        {
          "bound": "java/lang/Throwable",
          "name": "T"
        },
        {
          "arguments": [],
          "inner": null,
          "name": "java/lang/Exception"
        }
      ],
      "name": "n",
      "parameters": [],
      "returns": "I",
      "type_parameters": [
        {
          "annotations": [
            {
              "runtime_visible": false,
              "type": "Annotations$B",
              "values": {
                "value": {
                  "contents": 10,
                  "tag": "AInt"
                }
              }
            }
          ],
          "class_bound": {
            "arguments": [],
            "inner": null,
            "name": "java/lang/Throwable"
          },
          "interface_bound": [
            {
              "arguments": [
                null
              ],
              "inner": null,
              "name": "java/util/List"
            }
          ],
          "name": "T"
        }
      ]
    },
    {
      "access": [],
      "annotations": [],
      "code": {
        "byte_code": [
          {
            "class": "java/lang/Object",
            "off": 0,
            "opc": "push",
            "type": "R",
            "value": null
          },
          {
            "off": 1,
            "opc": "return",
            "type": "R"
          }
        ],
        "exceptions": [],
        "max_locals": 1,
        "max_stack": 1,
        "stack_map": null
      },
      "default": null,
      "exceptions": [],
      "name": "k",
      "parameters": [],
      "returns": {
        "bound": "java/lang/Comparable",
        "name": "T"
      },
      "type_parameters": [
        {
          "class_bound": null,
          "interface_bound": [
            {
              "arguments": [],
              "inner": null,
              "name": "java/lang/Comparable"
            },
            {
              "arguments": [
                null
              ],
              "inner": null,
              "name": "java/util/List"
            }
          ],
          "name": "T"
        }
      ]
    },
    {
      "access": [],
      "annotations": [],
      "code": {
        "byte_code": [
          {
            "class": "java/lang/Object",
            "off": 0,
            "opc": "push",
            "type": "R",
            "value": null
          },
          {
            "off": 1,
            "opc": "return",
            "type": "R"
          }
        ],
        "exceptions": [],
        "max_locals": 1,
        "max_stack": 1,
        "stack_map": null
      },
      "default": null,
      "exceptions": [],
      "name": "j",
      "parameters": [],
      "returns": {
        "bound": "java/util/List",
        "name": "T"
      },
      "type_parameters": [
        {
          "class_bound": null,
          "interface_bound": [
            {
              "arguments": [
                null
              ],
              "inner": null,
              "name": "java/util/List"
            },
            {
              "arguments": [],
              "inner": null,
              "name": "java/lang/Comparable"
            }
          ],
          "name": "T"
        }
      ]
    }
  ],
  "name": "Annotations",
  "super": {
    "arguments": [],
    "inner": null,
    "name": "java/lang/Object"
  },
  "type_params": [
    {
      "class_bound": {
        "arguments": [],
        "inner": null,
        "name": "java/lang/Object"
      },
      "interface_bound": [],
      "name": "O"
    }
  ],
  "version": [
    52,
    0
  ]
}
