{
  "access": [
    "interface",
    "abstract",
    "annotation"
  ],
  "annotations": [],
  "bootstrap_methods": [],
  "enclosing_method": null,
  "fields": [],
  "inner_classes": [
    {
      "access": [
        "cstatic",
        "cinterface",
        "cabstract",
        "cannotation"
      ],
      "inner": "TestNotation",
      "name": "Annotations$TestNotation",
      "outer": "Annotations"
    }
  ],
  "interfaces": [
    {
      "arguments": [],
      "inner": null,
      "name": "java/lang/annotation/Annotation"
    }
  ],
  "methods": [
    {
      "access": [
        "public",
        "abstract"
      ],
      "annotations": [],
      "code": null,
      "default": null,
      "exceptions": [],
      "name": "a",
      "parameters": [],
      "returns": {
        "arguments": [],
        "inner": null,
        "name": "java/lang/String"
      },
      "type_parameters": []
    },
    {
      "access": [
        "public",
        "abstract"
      ],
      "annotations": [],
      "code": null,
      "default": null,
      "exceptions": [],
      "name": "b",
      "parameters": [],
      "returns": "I",
      "type_parameters": []
    }
  ],
  "name": "Annotations$TestNotation",
  "super": {
    "arguments": [],
    "inner": null,
    "name": "java/lang/Object"
  },
  "type_params": [],
  "version": [
    52,
    0
  ]
}
