{
  "access": [
    "super",
    "abstract"
  ],
  "annotations": [
    {
      "runtime_visible": false,
      "type": "Annotations$TestNotation",
      "values": {
        "a": {
          "contents": "hello",
          "tag": "AString"
        },
        "b": {
          "contents": 2,
          "tag": "AInt"
        }
      }
    }
  ],
  "bootstrap_methods": [],
  "enclosing_method": null,
  "fields": [],
  "inner_classes": [
    {
      "access": [
        "cstatic",
        "cinterface",
        "cabstract",
        "cannotation"
      ],
      "inner": "TestNotation",
      "name": "Annotations$TestNotation",
      "outer": "Annotations"
    },
    {
      "access": [
        "cpublic",
        "cstatic",
        "cinterface",
        "cabstract",
        "cannotation"
      ],
      "inner": "B",
      "name": "Annotations$B",
      "outer": "Annotations"
    },
    {
      "access": [
        "cpublic",
        "cstatic",
        "cinterface",
        "cabstract",
        "cannotation"
      ],
      "inner": "TestType",
      "name": "Annotations$TestType",
      "outer": "Annotations"
    },
    {
      "access": [
        "cstatic",
        "cabstract"
      ],
      "inner": "Annotated",
      "name": "Annotations$Annotated",
      "outer": "Annotations"
    }
  ],
  "interfaces": [
    {
      "arguments": [
        {
          "annotations": [
            {
              "runtime_visible": false,
              "type": "Annotations$B",
              "values": {
                "value": {
                  "contents": 23,
                  "tag": "AInt"
                }
              }
            }
          ],
          "content": null
        }
      ],
      "inner": null,
      "name": "java/util/List"
    }
  ],
  "methods": [
    {
      "access": [],
      "annotations": [],
      "code": {
        "byte_code": [
          {
            "addr": 0,
            "off": 0,
            "opc": "load",
            "type": "R"
          },
          {
            "interface": false,
            "kind": "special",
            "method": "<init>:()V",
            "off": 1,
            "opc": "invoke",
            "reftype": "Ljava/lang/Object;"
          },
          {
            "off": 4,
            "opc": "return",
            "type": null
          }
        ],
        "exceptions": [],
        "max_locals": 1,
        "max_stack": 1,
        "stack_map": null
      },
      "default": null,
      "exceptions": [],
      "name": "<init>",
      "parameters": [],
      "returns": null,
      "type_parameters": []
    }
  ],
  "name": "Annotations$Annotated",
  "super": {
    "annotations": [
      {
        "runtime_visible": false,
        "type": "Annotations$B",
        "values": {
          "value": {
            "contents": 22,
            "tag": "AInt"
          }
        }
      }
    ],
    "arguments": [],
    "inner": null,
    "name": "java/lang/Object"
  },
  "type_params": [
    {
      "annotations": [
        {
          "runtime_visible": false,
          "type": "Annotations$TestType",
          "values": {
            "value": {
              "contents": 10,
              "tag": "AInt"
            }
          }
        }
      ],
      "class_bound": {
        "arguments": [],
        "inner": null,
        "name": "java/lang/Object"
      },
      "interface_bound": [],
      "name": "T"
    }
  ],
  "version": [
    52,
    0
  ]
}
