{
  "access": [
    "public",
    "super"
  ],
  "annotations": [],
  "bootstrap_methods": [],
  "enclosing_method": null,
  "fields": [
    {
      "access": [
        "final"
      ],
      "annotations": [],
      "name": "a",
      "type": {
        "bound": "java/lang/Throwable",
        "name": "T"
      },
      "value": null
    },
    {
      "access": [
        "final",
        "synthetic"
      ],
      "annotations": [],
      "name": "this$0",
      "type": {
        "arguments": [],
        "inner": null,
        "name": "DeepSignature"
      },
      "value": null
    }
  ],
  "inner_classes": [
    {
      "access": [
        "cpublic",
        "cstatic",
        "cinterface",
        "cabstract",
        "cannotation"
      ],
      "inner": "Ann",
      "name": "DeepSignature$Ann",
      "outer": "DeepSignature"
    },
    {
      "access": [
        "cpublic"
      ],
      "inner": "Node",
      "name": "DeepSignature$Node",
      "outer": "DeepSignature"
    }
  ],
  "interfaces": [],
  "methods": [
    {
      "access": [
        "public"
      ],
      "annotations": [],
      "code": {
        "byte_code": [
          {
            "addr": 0,
            "off": 0,
            "opc": "load",
            "type": "R"
          },
          {
            "addr": 1,
            "off": 1,
            "opc": "load",
            "type": "R"
          },
          {
            "class": "DeepSignature$Node",
            "field": "this$0:LDeepSignature;",
            "off": 2,
            "opc": "put",
            "static": false
          },
          {
            "addr": 0,
            "off": 5,
            "opc": "load",
            "type": "R"
          },
          {
            "interface": false,
            "kind": "special",
            "method": "<init>:()V",
            "off": 6,
            "opc": "invoke",
            "reftype": "Ljava/lang/Object;"
          },
          {
            "addr": 0,
            "off": 9,
            "opc": "load",
            "type": "R"
          },
          {
            "addr": 2,
            "off": 10,
            "opc": "load",
            "type": "R"
          },
          {
            "class": "DeepSignature$Node",
            "field": "a:Ljava/lang/Throwable;",
            "off": 11,
            "opc": "put",
            "static": false
          },
          {
            "off": 14,
            "opc": "return",
            "type": null
          }
        ],
        "exceptions": [],
        "max_locals": 3,
        "max_stack": 2,
        "stack_map": null
      },
      "default": null,
      "exceptions": [],
      "name": "<init>",
      "parameters": [
        {
          "name": [
            "this$0",
            [
              "final",
              "mandated"
            ]
          ],
          "type": {
            "annotations": [
              {
                "runtime_visible": false,
                "type": "DeepSignature$Ann",
                "values": {}
              }
            ],
            "arguments": [],
            "inner": null,
            "name": "DeepSignature"
          },
          "visible": false
        },
        {
          "annotations": [
            {
              "runtime_visible": false,
              "type": "DeepSignature$Ann",
              "values": {}
            }
          ],
          "name": [
            "a",
            []
          ],
          "type": {
            "bound": "java/lang/Throwable",
            "name": "T"
          },
          "visible": true
        }
      ],
      "returns": null,
      "type_parameters": []
    }
  ],
  "name": "DeepSignature$Node",
  "super": {
    "arguments": [],
    "inner": null,
    "name": "java/lang/Object"
  },
  "type_params": [
    {
      "class_bound": {
        "arguments": [],
        "inner": null,
        "name": "java/lang/Throwable"
      },
      "interface_bound": [],
      "name": "T"
    }
  ],
  "version": [
    52,
    0
  ]
}
