{
  "access": [
    "public",
    "interface",
    "abstract",
    "annotation"
  ],
  "annotations": [
    {
      "runtime_visible": true,
      "type": "java/lang/annotation/Target",
      "values": {
        "value": {
          "contents": [
            {
              "contents": {
                "const": "PARAMETER",
                "type": "Ljava/lang/annotation/ElementType;"
              },
              "tag": "AEnum"
            },
            {
              "contents": {
                "const": "TYPE_USE",
                "type": "Ljava/lang/annotation/ElementType;"
              },
              "tag": "AEnum"
            }
          ],
          "tag": "AArray"
        }
      }
    }
  ],
  "bootstrap_methods": [],
  "enclosing_method": null,
  "fields": [],
  "inner_classes": [
    {
      "access": [
        "cpublic",
        "cstatic",
        "cinterface",
        "cabstract",
        "cannotation"
      ],
      "inner": "Ann",
      "name": "DeepSignature$Ann",
      "outer": "DeepSignature"
    }
  ],
  "interfaces": [
    {
      "arguments": [],
      "inner": null,
      "name": "java/lang/annotation/Annotation"
    }
  ],
  "methods": [],
  "name": "DeepSignature$Ann",
  "super": {
    "arguments": [],
    "inner": null,
    "name": "java/lang/Object"
  },
  "type_params": [],
  "version": [
    52,
    0
  ]
}
