{
  "access": [
    "public",
    "super"
  ],
  "annotations": [],
  "bootstrap_methods": [],
  "enclosing_method": null,
  "fields": [],
  "inner_classes": [],
  "interfaces": [],
  "methods": [
    {
      "access": [
        "public"
      ],
      "annotations": [],
      "code": {
        "byte_code": [
          {
            "addr": 0,
            "off": 0,
            "opc": "load",
            "type": "R"
          },
          {
            "interface": false,
            "kind": "special",
            "method": "<init>:()V",
            "off": 1,
            "opc": "invoke",
            "reftype": "Ljava/lang/Object;"
          },
          {
            "off": 4,
            "opc": "return",
            "type": null
          }
        ],
        "exceptions": [],
        "max_locals": 1,
        "max_stack": 1,
        "stack_map": null
      },
      "default": null,
      "exceptions": [],
      "name": "<init>",
      "parameters": [],
      "returns": null,
      "type_parameters": []
    },
    {
      "access": [
        "public",
        "static"
      ],
      "annotations": [],
      "code": {
        "byte_code": [
          {
            "off": 0,
            "opc": "push",
            "type": "I",
            "value": 1
          },
          {
            "arraytype": "LDoubleToInt;",
            "depth": 1,
            "off": 1,
            "opc": "new_array"
          },
          {
            "addr": 1,
            "off": 4,
            "opc": "store",
            "type": "R"
          },
          {
            "addr": 1,
            "off": 5,
            "opc": "load",
            "type": "R"
          },
          {
            "addr": 2,
            "off": 6,
            "opc": "store",
            "type": "R"
          },
          {
            "addr": 2,
            "off": 7,
            "opc": "load",
            "type": "R"
          },
          {
            "off": 8,
            "opc": "push",
            "type": "I",
            "value": 0
          },
          {
            "class": "java/lang/String",
            "off": 9,
            "opc": "push",
            "type": "R",
            "value": "I'm not a car"
          },
          {
            "off": 11,
            "opc": "array_store",
            "type": "R"
          },
          {
            "addr": 1,
            "off": 12,
            "opc": "load",
            "type": "R"
          },
          {
            "off": 13,
            "opc": "push",
            "type": "I",
            "value": 0
          },
          {
            "off": 14,
            "opc": "array_load",
            "type": "R"
          },
          {
            "kind": "virtual",
            "method": "hello:()V",
            "off": 15,
            "opc": "invoke",
            "reftype": "LDoubleToInt;"
          },
          {
            "off": 18,
            "opc": "return",
            "type": null
          }
        ],
        "exceptions": [],
        "max_locals": 3,
        "max_stack": 3,
        "stack_map": null
      },
      "default": null,
      "exceptions": [],
      "name": "main",
      "parameters": [
        {
          "name": [
            "array",
            []
          ],
          "type": {
            "arguments": [],
            "inner": null,
            "name": "java/lang/String"
          },
          "visible": true
        }
      ],
      "returns": null,
      "type_parameters": []
    },
    {
      "access": [
        "public"
      ],
      "annotations": [],
      "code": {
        "byte_code": [
          {
            "class": "java/lang/System",
            "field": "out:Ljava/io/PrintStream;",
            "off": 0,
            "opc": "get",
            "static": true
          },
          {
            "class": "java/lang/String",
            "off": 3,
            "opc": "push",
            "type": "R",
            "value": "Hello, world!"
          },
          {
            "kind": "virtual",
            "method": "println:(Ljava/lang/String;)V",
            "off": 5,
            "opc": "invoke",
            "reftype": "Ljava/io/PrintStream;"
          },
          {
            "off": 8,
            "opc": "return",
            "type": null
          }
        ],
        "exceptions": [],
        "max_locals": 1,
        "max_stack": 2,
        "stack_map": null
      },
      "default": null,
      "exceptions": [],
      "name": "hello",
      "parameters": [],
      "returns": null,
      "type_parameters": []
    }
  ],
  "name": "DoubleToInt",
  "super": {
    "arguments": [],
    "inner": null,
    "name": "java/lang/Object"
  },
  "type_params": [],
  "version": [
    52,
    0
  ]
}
