{
  "access": [
    "public",
    "super"
  ],
  "annotations": [],
  "bootstrap_methods": [],
  "enclosing_method": null,
  "fields": [
    {
      "access": [
        "public"
      ],
      "annotations": [],
      "name": "extField",
      "type": "I",
      "value": null
    }
  ],
  "inner_classes": [],
  "interfaces": [
    {
      "arguments": [],
      "inner": null,
      "name": "Interface"
    }
  ],
  "methods": [
    {
      "access": [
        "public"
      ],
      "annotations": [],
      "code": {
        "byte_code": [
          {
            "addr": 0,
            "off": 0,
            "opc": "load",
            "type": "R"
          },
          {
            "interface": false,
            "kind": "special",
            "method": "<init>:()V",
            "off": 1,
            "opc": "invoke",
            "reftype": "LSimple;"
          },
          {
            "addr": 0,
            "off": 4,
            "opc": "load",
            "type": "R"
          },
          {
            "off": 5,
            "opc": "push",
            "type": "I",
            "value": 0
          },
          {
            "class": "Extended",
            "field": "extField:I",
            "off": 6,
            "opc": "put",
            "static": false
          },
          {
            "off": 9,
            "opc": "return",
            "type": null
          }
        ],
        "exceptions": [],
        "max_locals": 1,
        "max_stack": 2,
        "stack_map": null
      },
      "default": null,
      "exceptions": [],
      "name": "<init>",
      "parameters": [],
      "returns": null,
      "type_parameters": []
    },
    {
      "access": [
        "public"
      ],
      "annotations": [],
      "code": {
        "byte_code": [
          {
            "addr": 0,
            "off": 0,
            "opc": "load",
            "type": "R"
          },
          {
            "kind": "virtual",
            "method": "method2:()V",
            "off": 1,
            "opc": "invoke",
            "reftype": "LExtended;"
          },
          {
            "off": 4,
            "opc": "return",
            "type": null
          }
        ],
        "exceptions": [],
        "max_locals": 1,
        "max_stack": 1,
        "stack_map": null
      },
      "default": null,
      "exceptions": [],
      "name": "method1",
      "parameters": [],
      "returns": null,
      "type_parameters": []
    },
    {
      "access": [
        "public"
      ],
      "annotations": [],
      "code": {
        "byte_code": [
          {
            "addr": 1,
            "off": 0,
            "opc": "load",
            "type": "I"
          },
          {
            "off": 1,
            "opc": "return",
            "type": "I"
          }
        ],
        "exceptions": [],
        "max_locals": 2,
        "max_stack": 1,
        "stack_map": null
      },
      "default": null,
      "exceptions": [],
      "name": "method3",
      "parameters": [
        {
          "name": [
            "x",
            []
          ],
          "type": "I",
          "visible": true
        }
      ],
      "returns": "I",
      "type_parameters": []
    },
    {
      "access": [
        "public"
      ],
      "annotations": [],
      "code": {
        "byte_code": [
          {
            "off": 0,
            "opc": "return",
            "type": null
          }
        ],
        "exceptions": [],
        "max_locals": 1,
        "max_stack": 0,
        "stack_map": null
      },
      "default": null,
      "exceptions": [],
      "name": "method4",
      "parameters": [],
      "returns": null,
      "type_parameters": []
    }
  ],
  "name": "Extended",
  "super": {
    "arguments": [],
    "inner": null,
    "name": "Simple"
  },
  "type_params": [],
  "version": [
    52,
    0
  ]
}
