{
  "access": [
    "super"
  ],
  "annotations": [],
  "bootstrap_methods": [],
  "enclosing_method": null,
  "fields": [
    {
      "access": [
        "public"
      ],
      "annotations": [],
      "name": "g",
      "type": {
        "bound": "java/util/List",
        "name": "TVar"
      },
      "value": null
    },
    {
      "access": [
        "final",
        "synthetic"
      ],
      "annotations": [],
      "name": "this$1",
      "type": {
        "arguments": [],
        "inner": {
          "arguments": [],
          "inner": null,
          "name": "InternalGens"
        },
        "name": "Gens"
      },
      "value": null
    }
  ],
  "inner_classes": [
    {
      "access": [],
      "inner": "InternalGens",
      "name": "Gens$InternalGens",
      "outer": "Gens"
    },
    {
      "access": [],
      "inner": "SuperInternalGens",
      "name": "Gens$InternalGens$SuperInternalGens",
      "outer": "Gens$InternalGens"
    }
  ],
  "interfaces": [],
  "methods": [
    {
      "access": [],
      "annotations": [],
      "code": {
        "byte_code": [
          {
            "addr": 0,
            "off": 0,
            "opc": "load",
            "type": "R"
          },
          {
            "addr": 1,
            "off": 1,
            "opc": "load",
            "type": "R"
          },
          {
            "class": "Gens$InternalGens$SuperInternalGens",
            "field": "this$1:LGens$InternalGens;",
            "off": 2,
            "opc": "put",
            "static": false
          },
          {
            "addr": 0,
            "off": 5,
            "opc": "load",
            "type": "R"
          },
          {
            "interface": false,
            "kind": "special",
            "method": "<init>:()V",
            "off": 6,
            "opc": "invoke",
            "reftype": "Ljava/lang/Object;"
          },
          {
            "off": 9,
            "opc": "return",
            "type": null
          }
        ],
        "exceptions": [],
        "max_locals": 2,
        "max_stack": 2,
        "stack_map": null
      },
      "default": null,
      "exceptions": [],
      "name": "<init>",
      "parameters": [
        {
          "name": [
            "this$1",
            [
              "final",
              "mandated"
            ]
          ],
          "type": {
            "arguments": [],
            "inner": {
              "arguments": [],
              "inner": null,
              "name": "InternalGens"
            },
            "name": "Gens"
          },
          "visible": true
        }
      ],
      "returns": null,
      "type_parameters": []
    },
    {
      "access": [
        "public"
      ],
      "annotations": [],
      "code": {
        "byte_code": [
          {
            "class": "java/lang/Object",
            "off": 0,
            "opc": "push",
            "type": "R",
            "value": null
          },
          {
            "off": 1,
            "opc": "return",
            "type": "R"
          }
        ],
        "exceptions": [],
        "max_locals": 2,
        "max_stack": 1,
        "stack_map": null
      },
      "default": null,
      "exceptions": [],
      "name": "n",
      "parameters": [
        {
          "name": [
            "a",
            []
          ],
          "type": {
            "bound": "java/util/List",
            "name": "Z"
          },
          "visible": true
        }
      ],
      "returns": {
        "bound": "java/util/List",
        "name": "TVar"
      },
      "type_parameters": [
        {
          "class_bound": {
            "bound": "java/lang/Object",
            "name": "Z"
          },
          "interface_bound": [],
          "name": "U"
        }
      ]
    }
  ],
  "name": "Gens$InternalGens$SuperInternalGens",
  "super": {
    "arguments": [],
    "inner": null,
    "name": "java/lang/Object"
  },
  "type_params": [
    {
      "class_bound": {
        "bound": "java/lang/Object",
        "name": "TVar"
      },
      "interface_bound": [],
      "name": "Z"
    }
  ],
  "version": [
    52,
    0
  ]
}
