{
  "access": [
    "public",
    "super"
  ],
  "annotations": [],
  "bootstrap_methods": [],
  "enclosing_method": null,
  "fields": [
    {
      "access": [
        "public"
      ],
      "annotations": [],
      "name": "f",
      "type": {
        "bound": "java/util/List",
        "name": "TVar"
      },
      "value": null
    }
  ],
  "inner_classes": [
    {
      "access": [],
      "inner": "InternalGens",
      "name": "Gens$InternalGens",
      "outer": "Gens"
    }
  ],
  "interfaces": [],
  "methods": [
    {
      "access": [
        "public"
      ],
      "annotations": [],
      "code": {
        "byte_code": [
          {
            "addr": 0,
            "off": 0,
            "opc": "load",
            "type": "R"
          },
          {
            "interface": false,
            "kind": "special",
            "method": "<init>:()V",
            "off": 1,
            "opc": "invoke",
            "reftype": "Ljava/util/ArrayList;"
          },
          {
            "off": 4,
            "opc": "return",
            "type": null
          }
        ],
        "exceptions": [],
        "max_locals": 1,
        "max_stack": 1,
        "stack_map": null
      },
      "default": null,
      "exceptions": [],
      "name": "<init>",
      "parameters": [],
      "returns": null,
      "type_parameters": []
    },
    {
      "access": [
        "public"
      ],
      "annotations": [],
      "code": {
        "byte_code": [
          {
            "class": "java/lang/Object",
            "off": 0,
            "opc": "push",
            "type": "R",
            "value": null
          },
          {
            "off": 1,
            "opc": "return",
            "type": "R"
          }
        ],
        "exceptions": [],
        "max_locals": 2,
        "max_stack": 1,
        "stack_map": null
      },
      "default": null,
      "exceptions": [],
      "name": "m",
      "parameters": [
        {
          "name": [
            "x",
            []
          ],
          "type": {
            "bound": "java/util/List",
            "name": "TVar"
          },
          "visible": true
        }
      ],
      "returns": {
        "bound": "java/util/List",
        "name": "TVar"
      },
      "type_parameters": []
    }
  ],
  "name": "Gens",
  "super": {
    "arguments": [
      null
    ],
    "inner": null,
    "name": "java/util/ArrayList"
  },
  "type_params": [
    {
      "class_bound": null,
      "interface_bound": [
        {
          "arguments": [
            null
          ],
          "inner": null,
          "name": "java/util/List"
        }
      ],
      "name": "TVar"
    }
  ],
  "version": [
    52,
    0
  ]
}
