{
  "access": [
    "super",
    "synthetic"
  ],
  "annotations": [],
  "bootstrap_methods": [],
  "enclosing_method": [
    "InnerClass",
    null
  ],
  "fields": [],
  "inner_classes": [
    {
      "access": [
        "cstatic",
        "csynthetic"
      ],
      "inner": null,
      "name": "InnerClass$1",
      "outer": null
    }
  ],
  "interfaces": [],
  "methods": [],
  "name": "InnerClass$1",
  "super": {
    "arguments": [],
    "inner": null,
    "name": "java/lang/Object"
  },
  "type_params": [],
  "version": [
    52,
    0
  ]
}
