{
  "access": [
    "public",
    "super"
  ],
  "annotations": [],
  "bootstrap_methods": [],
  "enclosing_method": null,
  "fields": [
    {
      "access": [
        "final",
        "synthetic"
      ],
      "annotations": [],
      "name": "this$0",
      "type": {
        "arguments": [],
        "inner": null,
        "name": "InnerClass"
      },
      "value": null
    }
  ],
  "inner_classes": [
    {
      "access": [
        "cstatic",
        "csynthetic"
      ],
      "inner": null,
      "name": "InnerClass$1",
      "outer": null
    },
    {
      "access": [
        "cpublic"
      ],
      "inner": "A",
      "name": "InnerClass$A",
      "outer": "InnerClass"
    }
  ],
  "interfaces": [],
  "methods": [
    {
      "access": [
        "private"
      ],
      "annotations": [],
      "code": {
        "byte_code": [
          {
            "addr": 0,
            "off": 0,
            "opc": "load",
            "type": "R"
          },
          {
            "addr": 1,
            "off": 1,
            "opc": "load",
            "type": "R"
          },
          {
            "class": "InnerClass$A",
            "field": "this$0:LInnerClass;",
            "off": 2,
            "opc": "put",
            "static": false
          },
          {
            "addr": 0,
            "off": 5,
            "opc": "load",
            "type": "R"
          },
          {
            "interface": false,
            "kind": "special",
            "method": "<init>:()V",
            "off": 6,
            "opc": "invoke",
            "reftype": "Ljava/lang/Object;"
          },
          {
            "off": 9,
            "opc": "return",
            "type": null
          }
        ],
        "exceptions": [],
        "max_locals": 2,
        "max_stack": 2,
        "stack_map": null
      },
      "default": null,
      "exceptions": [],
      "name": "<init>",
      "parameters": [
        {
          "name": [
            "this$0",
            [
              "final",
              "mandated"
            ]
          ],
          "type": {
            "arguments": [],
            "inner": null,
            "name": "InnerClass"
          },
          "visible": true
        }
      ],
      "returns": null,
      "type_parameters": []
    },
    {
      "access": [
        "synthetic"
      ],
      "annotations": [],
      "code": {
        "byte_code": [
          {
            "addr": 0,
            "off": 0,
            "opc": "load",
            "type": "R"
          },
          {
            "addr": 1,
            "off": 1,
            "opc": "load",
            "type": "R"
          },
          {
            "interface": false,
            "kind": "special",
            "method": "<init>:(LInnerClass;)V",
            "off": 2,
            "opc": "invoke",
            "reftype": "LInnerClass$A;"
          },
          {
            "off": 5,
            "opc": "return",
            "type": null
          }
        ],
        "exceptions": [],
        "max_locals": 3,
        "max_stack": 2,
        "stack_map": null
      },
      "default": null,
      "exceptions": [],
      "name": "<init>",
      "parameters": [
        {
          "name": null,
          "type": {
            "arguments": [],
            "inner": null,
            "name": "InnerClass"
          },
          "visible": true
        },
        {
          "name": null,
          "type": {
            "arguments": [],
            "inner": {
              "arguments": [],
              "inner": null,
              "name": "1"
            },
            "name": "InnerClass"
          },
          "visible": true
        }
      ],
      "returns": null,
      "type_parameters": []
    }
  ],
  "name": "InnerClass$A",
  "super": {
    "arguments": [],
    "inner": null,
    "name": "java/lang/Object"
  },
  "type_params": [],
  "version": [
    52,
    0
  ]
}
