{
  "access": [
    "public",
    "super"
  ],
  "annotations": [],
  "bootstrap_methods": [],
  "enclosing_method": null,
  "fields": [],
  "inner_classes": [
    {
      "access": [
        "cstatic",
        "csynthetic"
      ],
      "inner": null,
      "name": "InnerClass$1",
      "outer": null
    },
    {
      "access": [
        "cpublic"
      ],
      "inner": "B",
      "name": "InnerClass$B",
      "outer": "InnerClass"
    },
    {
      "access": [
        "cpublic"
      ],
      "inner": "A",
      "name": "InnerClass$A",
      "outer": "InnerClass"
    }
  ],
  "interfaces": [],
  "methods": [
    {
      "access": [
        "public"
      ],
      "annotations": [],
      "code": {
        "byte_code": [
          {
            "addr": 0,
            "off": 0,
            "opc": "load",
            "type": "R"
          },
          {
            "interface": false,
            "kind": "special",
            "method": "<init>:()V",
            "off": 1,
            "opc": "invoke",
            "reftype": "Ljava/lang/Object;"
          },
          {
            "off": 4,
            "opc": "return",
            "type": null
          }
        ],
        "exceptions": [],
        "max_locals": 1,
        "max_stack": 1,
        "stack_map": null
      },
      "default": null,
      "exceptions": [],
      "name": "<init>",
      "parameters": [],
      "returns": null,
      "type_parameters": []
    },
    {
      "access": [
        "public",
        "static"
      ],
      "annotations": [],
      "code": {
        "byte_code": [
          {
            "off": 0,
            "opc": "new",
            "type": "InnerClass"
          },
          {
            "off": 3,
            "opc": "dup",
            "size": 1
          },
          {
            "interface": false,
            "kind": "special",
            "method": "<init>:()V",
            "off": 4,
            "opc": "invoke",
            "reftype": "LInnerClass;"
          },
          {
            "kind": "virtual",
            "method": "test:()V",
            "off": 7,
            "opc": "invoke",
            "reftype": "LInnerClass;"
          },
          {
            "off": 10,
            "opc": "return",
            "type": null
          }
        ],
        "exceptions": [],
        "max_locals": 1,
        "max_stack": 2,
        "stack_map": null
      },
      "default": null,
      "exceptions": [],
      "name": "main",
      "parameters": [
        {
          "name": [
            "args",
            []
          ],
          "type": {
            "arguments": [],
            "inner": null,
            "name": "java/lang/String"
          },
          "visible": true
        }
      ],
      "returns": null,
      "type_parameters": []
    },
    {
      "access": [
        "public"
      ],
      "annotations": [],
      "code": {
        "byte_code": [
          {
            "off": 0,
            "opc": "new",
            "type": "InnerClass$A"
          },
          {
            "off": 3,
            "opc": "dup",
            "size": 1
          },
          {
            "addr": 0,
            "off": 4,
            "opc": "load",
            "type": "R"
          },
          {
            "class": "java/lang/Object",
            "off": 5,
            "opc": "push",
            "type": "R",
            "value": null
          },
          {
            "interface": false,
            "kind": "special",
            "method": "<init>:(LInnerClass;LInnerClass$1;)V",
            "off": 6,
            "opc": "invoke",
            "reftype": "LInnerClass$A;"
          },
          {
            "addr": 1,
            "off": 9,
            "opc": "store",
            "type": "R"
          },
          {
            "off": 10,
            "opc": "return",
            "type": null
          }
        ],
        "exceptions": [],
        "max_locals": 2,
        "max_stack": 4,
        "stack_map": null
      },
      "default": null,
      "exceptions": [],
      "name": "test",
      "parameters": [],
      "returns": null,
      "type_parameters": []
    }
  ],
  "name": "InnerClass",
  "super": {
    "arguments": [],
    "inner": null,
    "name": "java/lang/Object"
  },
  "type_params": [],
  "version": [
    52,
    0
  ]
}
