{
  "access": [
    "public",
    "super"
  ],
  "annotations": [],
  "bootstrap_methods": [
    [
      0,
      {
        "_bootstrapMethodArguments": [
          {
            "method_type": "()Ljava/lang/Object;"
          },
          {
            "method_handle": "MethodHandle"
          },
          {
            "method_type": "()Ljava/lang/Object;"
          }
        ],
        "_bootstrapMethodHandle": "MethodHandle"
      }
    ],
    [
      1,
      {
        "_bootstrapMethodArguments": [
          {
            "method_type": "()Ljava/lang/Object;"
          },
          {
            "method_handle": "MethodHandle"
          },
          {
            "method_type": "()Ljava/lang/Object;"
          }
        ],
        "_bootstrapMethodHandle": "MethodHandle"
      }
    ],
    [
      2,
      {
        "_bootstrapMethodArguments": [
          {
            "method_type": "()Ljava/lang/Object;"
          },
          {
            "method_handle": "MethodHandle"
          },
          {
            "method_type": "()Ljava/lang/String;"
          }
        ],
        "_bootstrapMethodHandle": "MethodHandle"
      }
    ]
  ],
  "enclosing_method": null,
  "fields": [],
  "inner_classes": [
    {
      "access": [
        "cpublic",
        "cstatic",
        "cfinal"
      ],
      "inner": "Lookup",
      "name": "java/lang/invoke/MethodHandles$Lookup",
      "outer": "java/lang/invoke/MethodHandles"
    }
  ],
  "interfaces": [],
  "methods": [
    {
      "access": [
        "public"
      ],
      "annotations": [],
      "code": {
        "byte_code": [
          {
            "addr": 0,
            "off": 0,
            "opc": "load",
            "type": "R"
          },
          {
            "interface": false,
            "kind": "special",
            "method": "<init>:()V",
            "off": 1,
            "opc": "invoke",
            "reftype": "Ljava/lang/Object;"
          },
          {
            "off": 4,
            "opc": "return",
            "type": null
          }
        ],
        "exceptions": [],
        "max_locals": 1,
        "max_stack": 1,
        "stack_map": null
      },
      "default": null,
      "exceptions": [],
      "name": "<init>",
      "parameters": [],
      "returns": null,
      "type_parameters": []
    },
    {
      "access": [
        "public",
        "static"
      ],
      "annotations": [],
      "code": {
        "byte_code": [
          {
            "attr": 0,
            "kind": "dynamic",
            "method": "call:()Ljava/util/concurrent/Callable;",
            "off": 0,
            "opc": "invoke"
          },
          {
            "addr": 1,
            "off": 5,
            "opc": "store",
            "type": "R"
          },
          {
            "off": 6,
            "opc": "return",
            "type": null
          }
        ],
        "exceptions": [],
        "max_locals": 2,
        "max_stack": 1,
        "stack_map": null
      },
      "default": null,
      "exceptions": [],
      "name": "main",
      "parameters": [
        {
          "name": [
            "args",
            []
          ],
          "type": {
            "arguments": [],
            "inner": null,
            "name": "java/lang/String"
          },
          "visible": true
        }
      ],
      "returns": null,
      "type_parameters": []
    },
    {
      "access": [
        "public",
        "static"
      ],
      "annotations": [],
      "code": {
        "byte_code": [
          {
            "addr": 0,
            "off": 0,
            "opc": "load",
            "type": "R"
          },
          {
            "attr": 1,
            "kind": "dynamic",
            "method": "call:(Ljava/lang/Object;)Ljava/util/concurrent/Callable;",
            "off": 1,
            "opc": "invoke"
          },
          {
            "addr": 1,
            "off": 6,
            "opc": "store",
            "type": "R"
          },
          {
            "addr": 1,
            "off": 7,
            "opc": "load",
            "type": "R"
          },
          {
            "count": 1,
            "kind": "interface",
            "method": "call:()Ljava/lang/Object;",
            "off": 8,
            "opc": "invoke",
            "reftype": "Ljava/util/concurrent/Callable;"
          },
          {
            "addr": 2,
            "off": 13,
            "opc": "store",
            "type": "R"
          },
          {
            "off": 14,
            "opc": "goto",
            "target": 8
          },
          {
            "addr": 2,
            "off": 17,
            "opc": "store",
            "type": "R"
          },
          {
            "off": 18,
            "opc": "return",
            "type": null
          }
        ],
        "exceptions": [
          {
            "catch_type": "java/lang/Exception",
            "end": 6,
            "handler": 7,
            "start": 3
          }
        ],
        "max_locals": 3,
        "max_stack": 1,
        "stack_map": {
          "table": [
            {
              "kind": "full_frame",
              "offset": 7,
              "type_list1": [
                {
                  "class": "Ljava/lang/Object;",
                  "type": "object"
                },
                {
                  "class": "Ljava/util/concurrent/Callable;",
                  "type": "object"
                }
              ],
              "type_list2": [
                {
                  "class": "Ljava/lang/Exception;",
                  "type": "object"
                }
              ]
            },
            {
              "kind": "same",
              "offset": 8
            }
          ]
        }
      },
      "default": null,
      "exceptions": [],
      "name": "thes",
      "parameters": [
        {
          "name": [
            "s",
            []
          ],
          "type": {
            "bound": "java/lang/Object",
            "name": "S"
          },
          "visible": true
        }
      ],
      "returns": null,
      "type_parameters": [
        {
          "class_bound": {
            "arguments": [],
            "inner": null,
            "name": "java/lang/Object"
          },
          "interface_bound": [],
          "name": "S"
        }
      ]
    },
    {
      "access": [
        "public"
      ],
      "annotations": [],
      "code": {
        "byte_code": [
          {
            "attr": 2,
            "kind": "dynamic",
            "method": "call:()Ljava/util/concurrent/Callable;",
            "off": 0,
            "opc": "invoke"
          },
          {
            "addr": 1,
            "off": 5,
            "opc": "store",
            "type": "R"
          },
          {
            "off": 6,
            "opc": "return",
            "type": null
          }
        ],
        "exceptions": [],
        "max_locals": 2,
        "max_stack": 1,
        "stack_map": null
      },
      "default": null,
      "exceptions": [],
      "name": "inmethod",
      "parameters": [],
      "returns": null,
      "type_parameters": []
    },
    {
      "access": [
        "private",
        "static",
        "synthetic"
      ],
      "annotations": [],
      "code": {
        "byte_code": [
          {
            "class": "java/lang/String",
            "off": 0,
            "opc": "push",
            "type": "R",
            "value": "Hello"
          },
          {
            "off": 2,
            "opc": "return",
            "type": "R"
          }
        ],
        "exceptions": [],
        "max_locals": 0,
        "max_stack": 1,
        "stack_map": null
      },
      "default": null,
      "exceptions": [
        {
          "arguments": [],
          "inner": null,
          "name": "java/lang/Exception"
        }
      ],
      "name": "lambda$inmethod$2",
      "parameters": [],
      "returns": {
        "arguments": [],
        "inner": null,
        "name": "java/lang/String"
      },
      "type_parameters": []
    },
    {
      "access": [
        "private",
        "static",
        "synthetic"
      ],
      "annotations": [],
      "code": {
        "byte_code": [
          {
            "addr": 0,
            "off": 0,
            "opc": "load",
            "type": "R"
          },
          {
            "off": 1,
            "opc": "return",
            "type": "R"
          }
        ],
        "exceptions": [],
        "max_locals": 1,
        "max_stack": 1,
        "stack_map": null
      },
      "default": null,
      "exceptions": [
        {
          "arguments": [],
          "inner": null,
          "name": "java/lang/Exception"
        }
      ],
      "name": "lambda$thes$1",
      "parameters": [
        {
          "name": [
            "s",
            [
              "final",
              "synthetic"
            ]
          ],
          "type": {
            "arguments": [],
            "inner": null,
            "name": "java/lang/Object"
          },
          "visible": true
        }
      ],
      "returns": {
        "arguments": [],
        "inner": null,
        "name": "java/lang/Object"
      },
      "type_parameters": []
    },
    {
      "access": [
        "private",
        "static",
        "synthetic"
      ],
      "annotations": [],
      "code": {
        "byte_code": [
          {
            "off": 0,
            "opc": "new",
            "type": "java/lang/Object"
          },
          {
            "off": 3,
            "opc": "dup",
            "size": 1
          },
          {
            "interface": false,
            "kind": "special",
            "method": "<init>:()V",
            "off": 4,
            "opc": "invoke",
            "reftype": "Ljava/lang/Object;"
          },
          {
            "off": 7,
            "opc": "return",
            "type": "R"
          }
        ],
        "exceptions": [],
        "max_locals": 0,
        "max_stack": 2,
        "stack_map": null
      },
      "default": null,
      "exceptions": [
        {
          "arguments": [],
          "inner": null,
          "name": "java/lang/Exception"
        }
      ],
      "name": "lambda$main$0",
      "parameters": [],
      "returns": {
        "arguments": [],
        "inner": null,
        "name": "java/lang/Object"
      },
      "type_parameters": []
    }
  ],
  "name": "Lambda",
  "super": {
    "arguments": [],
    "inner": null,
    "name": "java/lang/Object"
  },
  "type_params": [
    {
      "class_bound": {
        "arguments": [],
        "inner": null,
        "name": "java/lang/Object"
      },
      "interface_bound": [],
      "name": "T"
    }
  ],
  "version": [
    52,
    0
  ]
}
