{
  "access": [
    "public",
    "super"
  ],
  "annotations": [],
  "bootstrap_methods": [],
  "enclosing_method": null,
  "fields": [
    {
      "access": [
        "private"
      ],
      "annotations": [],
      "name": "field",
      "type": {
        "arguments": [],
        "inner": null,
        "name": "Simple"
      },
      "value": null
    }
  ],
  "inner_classes": [],
  "interfaces": [],
  "methods": [
    {
      "access": [
        "public"
      ],
      "annotations": [],
      "code": {
        "byte_code": [
          {
            "addr": 0,
            "off": 0,
            "opc": "load",
            "type": "R"
          },
          {
            "interface": false,
            "kind": "special",
            "method": "<init>:()V",
            "off": 1,
            "opc": "invoke",
            "reftype": "Ljava/lang/Object;"
          },
          {
            "addr": 0,
            "off": 4,
            "opc": "load",
            "type": "R"
          },
          {
            "class": "java/lang/Object",
            "off": 5,
            "opc": "push",
            "type": "R",
            "value": null
          },
          {
            "class": "Simple",
            "field": "field:LSimple;",
            "off": 6,
            "opc": "put",
            "static": false
          },
          {
            "off": 9,
            "opc": "return",
            "type": null
          }
        ],
        "exceptions": [],
        "max_locals": 1,
        "max_stack": 2,
        "stack_map": null
      },
      "default": null,
      "exceptions": [],
      "name": "<init>",
      "parameters": [],
      "returns": null,
      "type_parameters": []
    },
    {
      "access": [
        "public",
        "static"
      ],
      "annotations": [],
      "code": {
        "byte_code": [
          {
            "class": "java/lang/System",
            "field": "out:Ljava/io/PrintStream;",
            "off": 0,
            "opc": "get",
            "static": true
          },
          {
            "class": "java/lang/String",
            "off": 3,
            "opc": "push",
            "type": "R",
            "value": "Hello, world"
          },
          {
            "kind": "virtual",
            "method": "println:(Ljava/lang/String;)V",
            "off": 5,
            "opc": "invoke",
            "reftype": "Ljava/io/PrintStream;"
          },
          {
            "off": 8,
            "opc": "push",
            "type": "I",
            "value": 0
          },
          {
            "addr": 1,
            "off": 9,
            "opc": "store",
            "type": "I"
          },
          {
            "addr": 1,
            "off": 10,
            "opc": "load",
            "type": "I"
          },
          {
            "off": 11,
            "opc": "push",
            "type": "I",
            "value": 100
          },
          {
            "off": 13,
            "offset": 19,
            "opc": "if",
            "operands": 2,
            "opr": "ge"
          },
          {
            "addr": 1,
            "off": 16,
            "opc": "load",
            "type": "I"
          },
          {
            "addr": 2,
            "off": 17,
            "opc": "store",
            "type": "I"
          },
          {
            "addr": 2,
            "off": 18,
            "opc": "load",
            "type": "I"
          },
          {
            "addr": 1,
            "off": 19,
            "opc": "load",
            "type": "I"
          },
          {
            "off": 20,
            "opc": "bin_op",
            "opr": "add",
            "type": "I"
          },
          {
            "addr": 2,
            "off": 21,
            "opc": "store",
            "type": "I"
          },
          {
            "class": "java/lang/System",
            "field": "out:Ljava/io/PrintStream;",
            "off": 22,
            "opc": "get",
            "static": true
          },
          {
            "addr": 2,
            "off": 25,
            "opc": "load",
            "type": "I"
          },
          {
            "kind": "virtual",
            "method": "println:(I)V",
            "off": 26,
            "opc": "invoke",
            "reftype": "Ljava/io/PrintStream;"
          },
          {
            "addr": 1,
            "incr": 1,
            "off": 29,
            "opc": "incr"
          },
          {
            "off": 32,
            "opc": "goto",
            "target": 5
          },
          {
            "off": 35,
            "opc": "return",
            "type": null
          }
        ],
        "exceptions": [],
        "max_locals": 3,
        "max_stack": 2,
        "stack_map": {
          "table": [
            {
              "kind": "append",
              "offset": 5,
              "type_list": [
                {
                  "type": "I"
                }
              ]
            },
            {
              "kind": "chop",
              "offset": 19,
              "size": 1
            }
          ]
        }
      },
      "default": null,
      "exceptions": [],
      "name": "main",
      "parameters": [
        {
          "name": [
            "args",
            []
          ],
          "type": {
            "arguments": [],
            "inner": null,
            "name": "java/lang/String"
          },
          "visible": true
        }
      ],
      "returns": null,
      "type_parameters": []
    },
    {
      "access": [
        "public"
      ],
      "annotations": [],
      "code": {
        "byte_code": [
          {
            "off": 0,
            "opc": "return",
            "type": null
          }
        ],
        "exceptions": [],
        "max_locals": 1,
        "max_stack": 0,
        "stack_map": null
      },
      "default": null,
      "exceptions": [],
      "name": "method2",
      "parameters": [],
      "returns": null,
      "type_parameters": []
    },
    {
      "access": [
        "public"
      ],
      "annotations": [],
      "code": {
        "byte_code": [
          {
            "off": 0,
            "opc": "push",
            "type": "I",
            "value": 0
          },
          {
            "off": 1,
            "opc": "return",
            "type": "I"
          }
        ],
        "exceptions": [],
        "max_locals": 2,
        "max_stack": 1,
        "stack_map": null
      },
      "default": null,
      "exceptions": [],
      "name": "method3",
      "parameters": [
        {
          "name": [
            "x",
            []
          ],
          "type": "I",
          "visible": true
        }
      ],
      "returns": "I",
      "type_parameters": []
    }
  ],
  "name": "Simple",
  "super": {
    "arguments": [],
    "inner": null,
    "name": "java/lang/Object"
  },
  "type_params": [],
  "version": [
    52,
    0
  ]
}
