{
  "access": [
    "public",
    "super"
  ],
  "annotations": [],
  "bootstrap_methods": [],
  "enclosing_method": null,
  "fields": [],
  "inner_classes": [],
  "interfaces": [],
  "methods": [
    {
      "access": [
        "public",
        "static"
      ],
      "annotations": [],
      "code": {
        "byte_code": [
          {
            "off": 0,
            "opc": "new",
            "type": "Stub"
          },
          {
            "off": 3,
            "opc": "dup",
            "size": 1
          },
          {
            "interface": false,
            "kind": "special",
            "method": "<init>:()V",
            "off": 4,
            "opc": "invoke",
            "reftype": "LStub;"
          },
          {
            "off": 7,
            "opc": "push",
            "type": "D",
            "value": 0
          },
          {
            "off": 8,
            "opc": "push",
            "type": "D",
            "value": 2
          },
          {
            "interface": false,
            "kind": "static",
            "method": "valueOf:(D)Ljava/lang/Double;",
            "off": 11,
            "opc": "invoke",
            "reftype": "Ljava/lang/Double;"
          },
          {
            "kind": "virtual",
            "method": "fn1:(DLjava/lang/Double;)D",
            "off": 14,
            "opc": "invoke",
            "reftype": "LStub;"
          },
          {
            "off": 17,
            "opc": "pop",
            "size": 2
          },
          {
            "off": 18,
            "opc": "return",
            "type": null
          }
        ],
        "exceptions": [],
        "max_locals": 1,
        "max_stack": 5,
        "stack_map": null
      },
      "default": null,
      "exceptions": [],
      "name": "main",
      "parameters": [
        {
          "name": [
            "argv",
            []
          ],
          "type": {
            "arguments": [],
            "inner": null,
            "name": "java/lang/String"
          },
          "visible": true
        }
      ],
      "returns": null,
      "type_parameters": []
    },
    {
      "access": [
        "public"
      ],
      "annotations": [],
      "code": {
        "byte_code": [
          {
            "addr": 0,
            "off": 0,
            "opc": "load",
            "type": "R"
          },
          {
            "interface": false,
            "kind": "special",
            "method": "<init>:()V",
            "off": 1,
            "opc": "invoke",
            "reftype": "Ljava/lang/Object;"
          },
          {
            "class": "java/lang/System",
            "field": "out:Ljava/io/PrintStream;",
            "off": 4,
            "opc": "get",
            "static": true
          },
          {
            "class": "java/lang/String",
            "off": 7,
            "opc": "push",
            "type": "R",
            "value": "world"
          },
          {
            "kind": "virtual",
            "method": "println:(Ljava/lang/String;)V",
            "off": 9,
            "opc": "invoke",
            "reftype": "Ljava/io/PrintStream;"
          },
          {
            "off": 12,
            "opc": "return",
            "type": null
          }
        ],
        "exceptions": [],
        "max_locals": 1,
        "max_stack": 2,
        "stack_map": null
      },
      "default": null,
      "exceptions": [],
      "name": "<init>",
      "parameters": [],
      "returns": null,
      "type_parameters": []
    },
    {
      "access": [
        "public"
      ],
      "annotations": [],
      "code": {
        "byte_code": [
          {
            "addr": 1,
            "off": 0,
            "opc": "load",
            "type": "D"
          },
          {
            "addr": 3,
            "off": 1,
            "opc": "load",
            "type": "R"
          },
          {
            "kind": "virtual",
            "method": "doubleValue:()D",
            "off": 2,
            "opc": "invoke",
            "reftype": "Ljava/lang/Double;"
          },
          {
            "off": 5,
            "opc": "bin_op",
            "opr": "add",
            "type": "D"
          },
          {
            "off": 6,
            "opc": "return",
            "type": "D"
          }
        ],
        "exceptions": [],
        "max_locals": 4,
        "max_stack": 4,
        "stack_map": null
      },
      "default": null,
      "exceptions": [],
      "name": "fn1",
      "parameters": [
        {
          "name": [
            "a",
            []
          ],
          "type": "D",
          "visible": true
        },
        {
          "name": [
            "b",
            []
          ],
          "type": {
            "arguments": [],
            "inner": null,
            "name": "java/lang/Double"
          },
          "visible": true
        }
      ],
      "returns": "D",
      "type_parameters": []
    },
    {
      "access": [
        "public"
      ],
      "annotations": [],
      "code": {
        "byte_code": [
          {
            "addr": 1,
            "off": 0,
            "opc": "load",
            "type": "J"
          },
          {
            "addr": 3,
            "off": 1,
            "opc": "load",
            "type": "R"
          },
          {
            "kind": "virtual",
            "method": "longValue:()J",
            "off": 2,
            "opc": "invoke",
            "reftype": "Ljava/lang/Long;"
          },
          {
            "off": 5,
            "opc": "bin_op",
            "opr": "add",
            "type": "J"
          },
          {
            "off": 6,
            "opc": "return",
            "type": "J"
          }
        ],
        "exceptions": [],
        "max_locals": 4,
        "max_stack": 4,
        "stack_map": null
      },
      "default": null,
      "exceptions": [],
      "name": "fn2",
      "parameters": [
        {
          "name": [
            "a",
            []
          ],
          "type": "J",
          "visible": true
        },
        {
          "name": [
            "b",
            []
          ],
          "type": {
            "arguments": [],
            "inner": null,
            "name": "java/lang/Long"
          },
          "visible": true
        }
      ],
      "returns": "J",
      "type_parameters": []
    },
    {
      "access": [
        "public"
      ],
      "annotations": [],
      "code": {
        "byte_code": [
          {
            "addr": 1,
            "off": 0,
            "opc": "load",
            "type": "I"
          },
          {
            "addr": 2,
            "off": 1,
            "opc": "load",
            "type": "R"
          },
          {
            "kind": "virtual",
            "method": "intValue:()I",
            "off": 2,
            "opc": "invoke",
            "reftype": "Ljava/lang/Integer;"
          },
          {
            "off": 5,
            "opc": "bin_op",
            "opr": "add",
            "type": "I"
          },
          {
            "off": 6,
            "opc": "return",
            "type": "I"
          }
        ],
        "exceptions": [],
        "max_locals": 3,
        "max_stack": 2,
        "stack_map": null
      },
      "default": null,
      "exceptions": [],
      "name": "fn3",
      "parameters": [
        {
          "name": [
            "a",
            []
          ],
          "type": "I",
          "visible": true
        },
        {
          "name": [
            "b",
            []
          ],
          "type": {
            "arguments": [],
            "inner": null,
            "name": "java/lang/Integer"
          },
          "visible": true
        }
      ],
      "returns": "I",
      "type_parameters": []
    },
    {
      "access": [
        "public"
      ],
      "annotations": [],
      "code": {
        "byte_code": [
          {
            "off": 0,
            "opc": "new",
            "type": "java/lang/StringBuilder"
          },
          {
            "off": 3,
            "opc": "dup",
            "size": 1
          },
          {
            "interface": false,
            "kind": "special",
            "method": "<init>:()V",
            "off": 4,
            "opc": "invoke",
            "reftype": "Ljava/lang/StringBuilder;"
          },
          {
            "addr": 1,
            "off": 7,
            "opc": "load",
            "type": "R"
          },
          {
            "kind": "virtual",
            "method": "append:(Ljava/lang/String;)Ljava/lang/StringBuilder;",
            "off": 8,
            "opc": "invoke",
            "reftype": "Ljava/lang/StringBuilder;"
          },
          {
            "addr": 2,
            "off": 11,
            "opc": "load",
            "type": "R"
          },
          {
            "kind": "virtual",
            "method": "append:(Ljava/lang/String;)Ljava/lang/StringBuilder;",
            "off": 12,
            "opc": "invoke",
            "reftype": "Ljava/lang/StringBuilder;"
          },
          {
            "addr": 3,
            "off": 15,
            "opc": "load",
            "type": "R"
          },
          {
            "kind": "virtual",
            "method": "append:(Ljava/lang/String;)Ljava/lang/StringBuilder;",
            "off": 16,
            "opc": "invoke",
            "reftype": "Ljava/lang/StringBuilder;"
          },
          {
            "kind": "virtual",
            "method": "toString:()Ljava/lang/String;",
            "off": 19,
            "opc": "invoke",
            "reftype": "Ljava/lang/StringBuilder;"
          },
          {
            "off": 22,
            "opc": "return",
            "type": "R"
          }
        ],
        "exceptions": [],
        "max_locals": 4,
        "max_stack": 2,
        "stack_map": null
      },
      "default": null,
      "exceptions": [],
      "name": "fn4",
      "parameters": [
        {
          "name": [
            "a",
            []
          ],
          "type": {
            "arguments": [],
            "inner": null,
            "name": "java/lang/String"
          },
          "visible": true
        },
        {
          "name": [
            "b",
            []
          ],
          "type": {
            "arguments": [],
            "inner": null,
            "name": "java/lang/String"
          },
          "visible": true
        },
        {
          "name": [
            "c",
            []
          ],
          "type": {
            "arguments": [],
            "inner": null,
            "name": "java/lang/String"
          },
          "visible": true
        }
      ],
      "returns": {
        "arguments": [],
        "inner": null,
        "name": "java/lang/String"
      },
      "type_parameters": []
    },
    {
      "access": [
        "public"
      ],
      "annotations": [],
      "code": {
        "byte_code": [
          {
            "class": "java/lang/System",
            "field": "out:Ljava/io/PrintStream;",
            "off": 0,
            "opc": "get",
            "static": true
          },
          {
            "addr": 0,
            "off": 3,
            "opc": "load",
            "type": "R"
          },
          {
            "addr": 1,
            "off": 4,
            "opc": "load",
            "type": "R"
          },
          {
            "addr": 2,
            "off": 5,
            "opc": "load",
            "type": "R"
          },
          {
            "addr": 3,
            "off": 6,
            "opc": "load",
            "type": "R"
          },
          {
            "kind": "virtual",
            "method": "fn4:(Ljava/lang/String;Ljava/lang/String;Ljava/lang/String;)Ljava/lang/String;",
            "off": 7,
            "opc": "invoke",
            "reftype": "LStub;"
          },
          {
            "kind": "virtual",
            "method": "println:(Ljava/lang/String;)V",
            "off": 10,
            "opc": "invoke",
            "reftype": "Ljava/io/PrintStream;"
          },
          {
            "off": 13,
            "opc": "return",
            "type": null
          }
        ],
        "exceptions": [],
        "max_locals": 4,
        "max_stack": 5,
        "stack_map": null
      },
      "default": null,
      "exceptions": [],
      "name": "fn5",
      "parameters": [
        {
          "name": [
            "a",
            []
          ],
          "type": {
            "arguments": [],
            "inner": null,
            "name": "java/lang/String"
          },
          "visible": true
        },
        {
          "name": [
            "b",
            []
          ],
          "type": {
            "arguments": [],
            "inner": null,
            "name": "java/lang/String"
          },
          "visible": true
        },
        {
          "name": [
            "c",
            []
          ],
          "type": {
            "arguments": [],
            "inner": null,
            "name": "java/lang/String"
          },
          "visible": true
        }
      ],
      "returns": null,
      "type_parameters": []
    },
    {
      "access": [
        "public",
        "static"
      ],
      "annotations": [],
      "code": {
        "byte_code": [
          {
            "off": 0,
            "opc": "return",
            "type": null
          }
        ],
        "exceptions": [],
        "max_locals": 0,
        "max_stack": 0,
        "stack_map": null
      },
      "default": null,
      "exceptions": [],
      "name": "fn6",
      "parameters": [],
      "returns": null,
      "type_parameters": []
    },
    {
      "access": [
        "public",
        "static"
      ],
      "annotations": [],
      "code": {
        "byte_code": [
          {
            "off": 0,
            "opc": "push",
            "type": "I",
            "value": 0
          },
          {
            "off": 1,
            "opc": "return",
            "type": "I"
          }
        ],
        "exceptions": [],
        "max_locals": 0,
        "max_stack": 1,
        "stack_map": null
      },
      "default": null,
      "exceptions": [],
      "name": "fn7",
      "parameters": [],
      "returns": "C",
      "type_parameters": []
    },
    {
      "access": [
        "static"
      ],
      "annotations": [],
      "code": {
        "byte_code": [
          {
            "class": "java/lang/System",
            "field": "out:Ljava/io/PrintStream;",
            "off": 0,
            "opc": "get",
            "static": true
          },
          {
            "class": "java/lang/String",
            "off": 3,
            "opc": "push",
            "type": "R",
            "value": "hello"
          },
          {
            "kind": "virtual",
            "method": "println:(Ljava/lang/String;)V",
            "off": 5,
            "opc": "invoke",
            "reftype": "Ljava/io/PrintStream;"
          },
          {
            "off": 8,
            "opc": "return",
            "type": null
          }
        ],
        "exceptions": [],
        "max_locals": 0,
        "max_stack": 2,
        "stack_map": null
      },
      "default": null,
      "exceptions": [],
      "name": "<clinit>",
      "parameters": [],
      "returns": null,
      "type_parameters": []
    }
  ],
  "name": "Stub",
  "super": {
    "arguments": [],
    "inner": null,
    "name": "java/lang/Object"
  },
  "type_params": [],
  "version": [
    52,
    0
  ]
}
