{
  "access": [
    "public",
    "super"
  ],
  "annotations": [],
  "bootstrap_methods": [],
  "enclosing_method": null,
  "fields": [
    {
      "access": [
        "final",
        "synthetic"
      ],
      "annotations": [],
      "name": "this$0",
      "type": {
        "arguments": [],
        "inner": null,
        "name": "Wierd"
      },
      "value": null
    }
  ],
  "inner_classes": [
    {
      "access": [
        "cpublic",
        "cstatic"
      ],
      "inner": "F",
      "name": "Wierd$F",
      "outer": "Wierd"
    },
    {
      "access": [
        "cpublic",
        "cstatic"
      ],
      "inner": "G",
      "name": "Wierd$F$G",
      "outer": "Wierd$F"
    },
    {
      "access": [
        "cpublic",
        "cstatic",
        "cinterface",
        "cabstract"
      ],
      "inner": "H",
      "name": "Wierd$F$G$H",
      "outer": "Wierd$F$G"
    },
    {
      "access": [
        "cpublic",
        "cstatic",
        "cinterface",
        "cabstract",
        "cannotation"
      ],
      "inner": "Ann",
      "name": "Wierd$Ann",
      "outer": "Wierd"
    },
    {
      "access": [
        "cpublic"
      ],
      "inner": "Y",
      "name": "Wierd$Y",
      "outer": "Wierd"
    }
  ],
  "interfaces": [],
  "methods": [
    {
      "access": [
        "public"
      ],
      "annotations": [],
      "code": {
        "byte_code": [
          {
            "addr": 0,
            "off": 0,
            "opc": "load",
            "type": "R"
          },
          {
            "addr": 1,
            "off": 1,
            "opc": "load",
            "type": "R"
          },
          {
            "class": "Wierd$Y",
            "field": "this$0:LWierd;",
            "off": 2,
            "opc": "put",
            "static": false
          },
          {
            "addr": 0,
            "off": 5,
            "opc": "load",
            "type": "R"
          },
          {
            "interface": false,
            "kind": "special",
            "method": "<init>:()V",
            "off": 6,
            "opc": "invoke",
            "reftype": "Ljava/lang/Object;"
          },
          {
            "off": 9,
            "opc": "return",
            "type": null
          }
        ],
        "exceptions": [],
        "max_locals": 2,
        "max_stack": 2,
        "stack_map": null
      },
      "default": null,
      "exceptions": [],
      "name": "<init>",
      "parameters": [
        {
          "name": [
            "this$0",
            [
              "final",
              "mandated"
            ]
          ],
          "type": {
            "arguments": [],
            "inner": null,
            "name": "Wierd"
          },
          "visible": true
        }
      ],
      "returns": null,
      "type_parameters": []
    }
  ],
  "name": "Wierd$Y",
  "super": {
    "arguments": [],
    "inner": null,
    "name": "java/lang/Object"
  },
  "type_params": [
    {
      "class_bound": null,
      "interface_bound": [
        {
          "annotations": [
            {
              "runtime_visible": false,
              "type": "Wierd$Ann",
              "values": {}
            }
          ],
          "arguments": [],
          "inner": {
            "arguments": [],
            "inner": {
              "arguments": [],
              "inner": {
                "arguments": [
                  null
                ],
                "inner": null,
                "name": "H"
              },
              "name": "G"
            },
            "name": "F"
          },
          "name": "Wierd"
        }
      ],
      "name": "Q"
    }
  ],
  "version": [
    52,
    0
  ]
}
