{
  "access": [
    "public",
    "interface",
    "abstract"
  ],
  "annotations": [],
  "bootstrap_methods": [],
  "enclosing_method": null,
  "fields": [],
  "inner_classes": [
    {
      "access": [
        "cpublic",
        "cstatic"
      ],
      "inner": "F",
      "name": "Wierd$F",
      "outer": "Wierd"
    },
    {
      "access": [
        "cpublic",
        "cstatic"
      ],
      "inner": "G",
      "name": "Wierd$F$G",
      "outer": "Wierd$F"
    },
    {
      "access": [
        "cpublic",
        "cstatic",
        "cinterface",
        "cabstract"
      ],
      "inner": "H",
      "name": "Wierd$F$G$H",
      "outer": "Wierd$F$G"
    }
  ],
  "interfaces": [],
  "methods": [],
  "name": "Wierd$F$G$H",
  "super": {
    "arguments": [],
    "inner": null,
    "name": "java/lang/Object"
  },
  "type_params": [
    {
      "class_bound": {
        "arguments": [],
        "inner": null,
        "name": "java/lang/Object"
      },
      "interface_bound": [],
      "name": "T"
    }
  ],
  "version": [
    52,
    0
  ]
}
