{
  "access": [
    "public",
    "super"
  ],
  "annotations": [],
  "bootstrap_methods": [],
  "enclosing_method": null,
  "fields": [
    {
      "access": [
        "final",
        "synthetic"
      ],
      "annotations": [],
      "name": "this$1",
      "type": {
        "arguments": [],
        "inner": {
          "arguments": [],
          "inner": null,
          "name": "C"
        },
        "name": "Wierd"
      },
      "value": null
    }
  ],
  "inner_classes": [
    {
      "access": [
        "cpublic"
      ],
      "inner": "C",
      "name": "Wierd$C",
      "outer": "Wierd"
    },
    {
      "access": [
        "cpublic"
      ],
      "inner": "D",
      "name": "Wierd$C$D",
      "outer": "Wierd$C"
    },
    {
      "access": [
        "cpublic"
      ],
      "inner": "E",
      "name": "Wierd$C$D$E",
      "outer": "Wierd$C$D"
    }
  ],
  "interfaces": [],
  "methods": [
    {
      "access": [
        "public"
      ],
      "annotations": [],
      "code": {
        "byte_code": [
          {
            "addr": 0,
            "off": 0,
            "opc": "load",
            "type": "R"
          },
          {
            "addr": 1,
            "off": 1,
            "opc": "load",
            "type": "R"
          },
          {
            "class": "Wierd$C$D",
            "field": "this$1:LWierd$C;",
            "off": 2,
            "opc": "put",
            "static": false
          },
          {
            "addr": 0,
            "off": 5,
            "opc": "load",
            "type": "R"
          },
          {
            "interface": false,
            "kind": "special",
            "method": "<init>:()V",
            "off": 6,
            "opc": "invoke",
            "reftype": "Ljava/lang/Object;"
          },
          {
            "off": 9,
            "opc": "return",
            "type": null
          }
        ],
        "exceptions": [],
        "max_locals": 2,
        "max_stack": 2,
        "stack_map": null
      },
      "default": null,
      "exceptions": [],
      "name": "<init>",
      "parameters": [
        {
          "name": [
            "this$1",
            [
              "final",
              "mandated"
            ]
          ],
          "type": {
            "arguments": [],
            "inner": {
              "arguments": [],
              "inner": null,
              "name": "C"
            },
            "name": "Wierd"
          },
          "visible": true
        }
      ],
      "returns": null,
      "type_parameters": []
    }
  ],
  "name": "Wierd$C$D",
  "super": {
    "arguments": [],
    "inner": null,
    "name": "java/lang/Object"
  },
  "type_params": [],
  "version": [
    52,
    0
  ]
}
